{
  "schema": "1.0",
  "comment": "This file maps proto services/RPCs to the corresponding library clients/methods",
  "language": "typescript",
  "protoPackage": "google.naming.v1beta1",
  "libraryPackage": "naming",
  "services": {
    "Naming": {
      "clients": {
        "grpc": {
          "libraryClient": "NamingClient",
          "rpcs": {}
        },
        "grpc-fallback": {
          "libraryClient": "NamingClient",
          "rpcs": {}
        }
      }
    }
  }
}
