[
  "../../protos/google/api/annotations.proto",
  "../../protos/google/api/client.proto",
  "../../protos/google/api/field_behavior.proto",
  "../../protos/google/api/http.proto",
  "../../protos/google/api/resource.proto",
  "../../protos/google/cloud/asset/v1/asset_service.proto",
  "../../protos/google/cloud/asset/v1/assets.proto",
  "../../protos/google/cloud/orgpolicy/v1/orgpolicy.proto",
  "../../protos/google/identity/accesscontextmanager/type/device_resources.proto",
  "../../protos/google/identity/accesscontextmanager/v1/access_level.proto",
  "../../protos/google/identity/accesscontextmanager/v1/access_policy.proto",
  "../../protos/google/identity/accesscontextmanager/v1/service_perimeter.proto",
  "../../protos/google/protobuf/any.proto",
  "../../protos/google/protobuf/descriptor.proto",
  "../../protos/google/protobuf/duration.proto",
  "../../protos/google/protobuf/empty.proto",
  "../../protos/google/protobuf/field_mask.proto",
  "../../protos/google/protobuf/struct.proto",
  "../../protos/google/protobuf/timestamp.proto",
  "../../protos/google/rpc/status.proto",
  "../../protos/google/type/expr.proto"
]
