google/api/http.proto
google/protobuf/descriptor.proto
google/api/annotations.proto
google/api/client.proto
google/api/field_behavior.proto
google/api/resource.proto
google/protobuf/empty.proto
google/protobuf/timestamp.proto
google/cloud/orgpolicy/v1/orgpolicy.proto
google/type/expr.proto
google/iam/v1/policy.proto
google/identity/accesscontextmanager/type/device_resources.proto
google/identity/accesscontextmanager/v1/access_level.proto
google/identity/accesscontextmanager/v1/access_policy.proto
google/identity/accesscontextmanager/v1/service_perimeter.proto
google/protobuf/any.proto
google/protobuf/struct.proto
google/cloud/asset/v1/assets.proto
google/protobuf/duration.proto
google/rpc/status.proto
google/longrunning/operations.proto
google/protobuf/field_mask.proto
google/cloud/asset/v1/asset_service.proto
google/cloud/common_resources.proto
