google/api/http.proto
google/protobuf/descriptor.proto
google/api/annotations.proto
google/api/client.proto
google/api/field_behavior.proto
google/protobuf/any.proto
google/protobuf/duration.proto
google/protobuf/empty.proto
google/rpc/status.proto
google/longrunning/operations.proto
google/protobuf/timestamp.proto
google/cloud/videointelligence/v1/video_intelligence.proto
google/api/resource.proto
google/cloud/common_resources.proto
