google/api/http.proto
google/protobuf/descriptor.proto
google/api/annotations.proto
google/api/client.proto
google/api/field_behavior.proto
google/api/label.proto
google/api/launch_stage.proto
google/protobuf/struct.proto
google/api/monitored_resource.proto
google/api/resource.proto
google/protobuf/duration.proto
google/protobuf/timestamp.proto
google/type/calendar_period.proto
google/monitoring/v3/service.proto
google/protobuf/empty.proto
google/protobuf/field_mask.proto
google/monitoring/v3/service_service.proto
google/monitoring/v3/uptime.proto
google/monitoring/v3/uptime_service.proto
