google/protobuf/descriptor.proto
google/api/resource.proto
google/protobuf/any.proto
google/protobuf/timestamp.proto
google/api/distribution.proto
google/protobuf/duration.proto
google/monitoring/v3/common.proto
google/monitoring/v3/mutation_record.proto
google/protobuf/wrappers.proto
google/rpc/status.proto
google/monitoring/v3/alert.proto
google/api/http.proto
google/api/annotations.proto
google/api/client.proto
google/api/field_behavior.proto
google/protobuf/empty.proto
google/protobuf/field_mask.proto
google/monitoring/v3/alert_service.proto
google/monitoring/v3/dropped_labels.proto
google/monitoring/v3/group.proto
google/api/label.proto
google/api/launch_stage.proto
google/protobuf/struct.proto
google/api/monitored_resource.proto
google/monitoring/v3/group_service.proto
google/api/metric.proto
google/monitoring/v3/metric.proto
google/monitoring/v3/metric_service.proto
google/monitoring/v3/notification.proto
google/monitoring/v3/notification_service.proto
google/type/calendar_period.proto
google/monitoring/v3/service.proto
google/monitoring/v3/service_service.proto
google/monitoring/v3/span_context.proto
google/monitoring/v3/uptime.proto
google/monitoring/v3/uptime_service.proto
