google/cloud/bigquery/storage/v1beta1/arrow.proto
google/cloud/bigquery/storage/v1beta1/avro.proto
google/cloud/bigquery/storage/v1beta1/read_options.proto
google/api/http.proto
google/protobuf/descriptor.proto
google/api/annotations.proto
google/api/client.proto
google/api/field_behavior.proto
google/api/resource.proto
google/protobuf/timestamp.proto
google/cloud/bigquery/storage/v1beta1/table_reference.proto
google/protobuf/empty.proto
google/cloud/bigquery/storage/v1beta1/storage.proto
